******************************************************************************
                  MSP430 Linker PC v21.6.1                     
******************************************************************************
>> Linked Fri May  8 18:08:31 2026

OUTPUT FILE NAME:   <CABPRLLA.out>
ENTRY POINT SYMBOL: "_c_int00_noargs"  address: 0000c774


MEMORY CONFIGURATION

         name            origin    length      used     unused   attr    fill
----------------------  --------  ---------  --------  --------  ----  --------
  SFR                   00000000   00000010  00000000  00000010  RWIX
  PERIPHERALS_8BIT      00000010   000000f0  00000000  000000f0  RWIX
  PERIPHERALS_16BIT     00000100   00000100  00000000  00000100  RWIX
  RAM                   00000200   00000200  000000f6  0000010a  RWIX
  INFOD                 00001000   00000040  00000000  00000040  RWIX
  INFOC                 00001040   00000040  00000000  00000040  RWIX
  INFOB                 00001080   00000040  00000000  00000040  RWIX
  INFOA                 000010c0   00000040  00000000  00000040  RWIX
  FLASH                 0000c000   00003fde  00000846  00003798  RWIX
  BSLSIGNATURE          0000ffde   00000002  00000002  00000000  RWIX  ffff 
  INT00                 0000ffe0   00000002  00000000  00000002  RWIX
  INT01                 0000ffe2   00000002  00000000  00000002  RWIX
  INT02                 0000ffe4   00000002  00000002  00000000  RWIX
  INT03                 0000ffe6   00000002  00000002  00000000  RWIX
  INT04                 0000ffe8   00000002  00000000  00000002  RWIX
  INT05                 0000ffea   00000002  00000002  00000000  RWIX
  INT06                 0000ffec   00000002  00000002  00000000  RWIX
  INT07                 0000ffee   00000002  00000002  00000000  RWIX
  INT08                 0000fff0   00000002  00000002  00000000  RWIX
  INT09                 0000fff2   00000002  00000002  00000000  RWIX
  INT10                 0000fff4   00000002  00000002  00000000  RWIX
  INT11                 0000fff6   00000002  00000000  00000002  RWIX
  INT12                 0000fff8   00000002  00000002  00000000  RWIX
  INT13                 0000fffa   00000002  00000002  00000000  RWIX
  INT14                 0000fffc   00000002  00000002  00000000  RWIX
  RESET                 0000fffe   00000002  00000002  00000000  RWIX


SECTION ALLOCATION MAP

 output                                  attributes/
section   page    origin      length       input sections
--------  ----  ----------  ----------   ----------------
.bss       0    00000200    0000009e     UNINITIALIZED
                  00000200    0000008a     (.common:SCIB)
                  0000028a    00000014     (.common:ModBus_Table)

.data      0    0000029e    00000008     UNINITIALIZED
                  0000029e    00000004     hal_adc.obj (.data)
                  000002a2    00000004     hal_uart.obj (.data)

.stack     0    000003b0    00000050     UNINITIALIZED
                  000003b0    00000002     rts430_eabi.lib : boot.c.obj (.stack)
                  000003b2    0000004e     --HOLE--

.text      0    0000c000    0000082c     
                  0000c000    000000c0     modbus.obj (.text:MODBUS_ProcessBuffer)
                  0000c0c0    00000084     hal_uart.obj (.text:HAL_UART_TickRxIdle)
                  0000c144    0000007e     rts430_eabi.lib : fs_tol.asm.obj (.text)
                  0000c1c2    0000007c     modbus.obj (.text:MODBUS_SendReadResponse)
                  0000c23e    0000007c     rts430_eabi.lib : copy_decompress_lzss.c.obj (.text:decompress:lzss:__TI_decompress_lzss)
                  0000c2ba    00000078     hal_uart.obj (.text:USCI0TX_ISR)
                  0000c332    00000058     rts430_eabi.lib : div32u.asm.obj (.text)
                  0000c38a    0000004e     msp430x22x4_1.obj (.text:main)
                  0000c3d8    0000004c     rts430_eabi.lib : lsr16.asm.obj (.text)
                  0000c424    00000042                     : autoinit.c.obj (.text:__TI_auto_init_nobinit_nopinit:__TI_auto_init_nobinit_nopinit)
                  0000c466    00000040     hal_gpio.obj (.text:HAL_GPIO_InitPins)
                  0000c4a6    00000040     hal_uart.obj (.text:HAL_UART_SendPacket)
                  0000c4e6    00000040     hal_uart.obj (.text:USCI0RX_ISR)
                  0000c526    0000003e     hal_uart.obj (.text:Timer_A_ISR)
                  0000c564    0000003c     hal_adc.obj (.text:HAL_ADC_Read)
                  0000c5a0    0000003a     modbus.obj (.text:MODBUS_UpdateTable)
                  0000c5da    00000038     modbus.obj (.text:MODBUS_CheckCRC)
                  0000c612    00000036     modbus.obj (.text:MODBUS_AdcToTemperatureCx10)
                  0000c648    00000036     rts430_eabi.lib : fs_itof.asm.obj (.text)
                  0000c67e    00000032     modbus.obj (.text:get_CRC16)
                  0000c6b0    0000002c     rts430_eabi.lib : lsl16.asm.obj (.text)
                  0000c6dc    0000002a     hal_uart.obj (.text:HAL_UART_Init)
                  0000c706    00000026     modbus.obj (.text:MODBUS_GetRegisterValue)
                  0000c72c    00000026     rts430_eabi.lib : mult32.asm.obj (.text)
                  0000c752    00000022     modbus.obj (.text:MODBUS_Init)
                  0000c774    0000001c     rts430_eabi.lib : boot.c.obj (.text:_c_int00_noargs)
                  0000c790    00000014     hal_gpio.obj (.text:HAL_GPIO_RelaySet)
                  0000c7a4    00000014     rts430_eabi.lib : copy_zero_init.c.obj (.text:decompress:ZI:__TI_zero_init_nomemset:__TI_zero_init_nomemset)
                  0000c7b8    00000012     hal_adc.obj (.text:HAL_ADC_Init)
                  0000c7ca    00000012     rts430_eabi.lib : copy_decompress_none.c.obj (.text:decompress:none:__TI_decompress_none)
                  0000c7dc    00000012                     : memcpy.c.obj (.text:memcpy)
                  0000c7ee    00000010                     : epilog.asm.obj (.text)
                  0000c7fe    0000000e     hal_gpio.obj (.text:HAL_GPIO_InitClock)
                  0000c80c    0000000c     hal_adc.obj (.text:ADC10_ISR)
                  0000c818    00000008     rts430_eabi.lib : isr_trap.asm.obj (.text:_isr:__TI_ISR_TRAP)
                  0000c820    00000006                     : exit.c.obj (.text:abort)
                  0000c826    00000004                     : pre_init.c.obj (.text:_system_pre_init)
                  0000c82a    00000002                     : startup.c.obj (.text:_system_post_cinit)

.cinit     0    0000c82c    0000001a     
                  0000c82c    00000007     (.cinit..data.load) [load image, compression = lzss]
                  0000c833    00000001     --HOLE-- [fill = 0]
                  0000c834    00000006     (__TI_handler_table)
                  0000c83a    00000004     (.cinit..bss.load) [load image, compression = zero_init]
                  0000c83e    00000008     (__TI_cinit_table)

.binit     0    0000c000    00000000     

.init_array 
*          0    0000c000    00000000     UNINITIALIZED

PORT1      0    0000ffe4    00000002     
                  0000ffe4    00000002     rts430_eabi.lib : int02.asm.obj (.int02)

PORT2      0    0000ffe6    00000002     
                  0000ffe6    00000002     rts430_eabi.lib : int03.asm.obj (.int03)

ADC10      0    0000ffea    00000002     
                  0000ffea    00000002     hal_adc.obj (.int05)

USCIAB0TX 
*          0    0000ffec    00000002     
                  0000ffec    00000002     hal_uart.obj (.int06)

USCIAB0RX 
*          0    0000ffee    00000002     
                  0000ffee    00000002     hal_uart.obj (.int07)

TIMERA1    0    0000fff0    00000002     
                  0000fff0    00000002     rts430_eabi.lib : int08.asm.obj (.int08)

TIMERA0    0    0000fff2    00000002     
                  0000fff2    00000002     hal_uart.obj (.int09)

WDT        0    0000fff4    00000002     
                  0000fff4    00000002     rts430_eabi.lib : int10.asm.obj (.int10)

TIMERB1    0    0000fff8    00000002     
                  0000fff8    00000002     rts430_eabi.lib : int12.asm.obj (.int12)

TIMERB0    0    0000fffa    00000002     
                  0000fffa    00000002     rts430_eabi.lib : int13.asm.obj (.int13)

NMI        0    0000fffc    00000002     
                  0000fffc    00000002     rts430_eabi.lib : int14.asm.obj (.int14)

.reset     0    0000fffe    00000002     
                  0000fffe    00000002     rts430_eabi.lib : boot.c.obj (.reset)

$fill000   0    0000ffde    00000002     
                  0000ffde    00000002     --HOLE-- [fill = ffff]

MODULE SUMMARY

       Module                       code   ro data   rw data
       ------                       ----   -------   -------
    .\
       msp430x22x4_1.obj            78     0         0      
    +--+----------------------------+------+---------+---------+
       Total:                       78     0         0      
                                                            
    .\source\
       hal_uart.obj                 484    6         142    
       modbus.obj                   606    0         20     
       hal_gpio.obj                 98     0         0      
       hal_adc.obj                  90     2         4      
    +--+----------------------------+------+---------+---------+
       Total:                       1278   8         166    
                                                            
    D:\CCS\ccs\tools\compiler\ti-cgt-msp430_21.6.1.LTS\lib\rts430_eabi.lib
       fs_tol.asm.obj               126    0         0      
       copy_decompress_lzss.c.obj   124    0         0      
       div32u.asm.obj               88     0         0      
       lsr16.asm.obj                76     0         0      
       autoinit.c.obj               66     0         0      
       fs_itof.asm.obj              54     0         0      
       lsl16.asm.obj                44     0         0      
       mult32.asm.obj               38     0         0      
       boot.c.obj                   28     2         0      
       copy_zero_init.c.obj         20     0         0      
       copy_decompress_none.c.obj   18     0         0      
       memcpy.c.obj                 18     0         0      
       epilog.asm.obj               16     0         0      
       isr_trap.asm.obj             8      0         0      
       exit.c.obj                   6      0         0      
       pre_init.c.obj               4      0         0      
       int02.asm.obj                0      2         0      
       int03.asm.obj                0      2         0      
       int08.asm.obj                0      2         0      
       int10.asm.obj                0      2         0      
       int12.asm.obj                0      2         0      
       int13.asm.obj                0      2         0      
       int14.asm.obj                0      2         0      
       startup.c.obj                2      0         0      
    +--+----------------------------+------+---------+---------+
       Total:                       736    16        0      
                                                            
       Stack:                       0      0         80     
       Linker Generated:            0      25        0      
    +--+----------------------------+------+---------+---------+
       Grand Total:                 2092   49        246    


LINKER GENERATED COPY TABLES

__TI_cinit_table @ 0000c83e records: 2, size/record: 4, table size: 8
	.data: load addr=0000c82c, load size=00000007 bytes, run addr=0000029e, run size=00000008 bytes, compression=lzss
	.bss: load addr=0000c83a, load size=00000004 bytes, run addr=00000200, run size=0000009e bytes, compression=zero_init


LINKER GENERATED HANDLER TABLE

__TI_handler_table @ 0000c834 records: 3, size/record: 2, table size: 6
	index: 0, handler: __TI_zero_init
	index: 1, handler: __TI_decompress_lzss
	index: 2, handler: __TI_decompress_none


GLOBAL SYMBOLS: SORTED ALPHABETICALLY BY Name 

address   name                          
-------   ----                          
0000004a  ADC10AE0                      
0000004b  ADC10AE1                      
000001b0  ADC10CTL0                     
000001b2  ADC10CTL1                     
00000048  ADC10DTC0                     
00000049  ADC10DTC1                     
000001b4  ADC10MEM                      
000001bc  ADC10SA                       
0000c80c  ADC10_ISR                     
00000057  BCSCTL1                       
00000058  BCSCTL2                       
00000053  BCSCTL3                       
0000c820  C$$EXIT                       
000010fb  CALBC1_12MHZ                  
000010f9  CALBC1_16MHZ                  
000010ff  CALBC1_1MHZ                   
000010fd  CALBC1_8MHZ                   
000010fa  CALDCO_12MHZ                  
000010f8  CALDCO_16MHZ                  
000010fe  CALDCO_1MHZ                   
000010fc  CALDCO_8MHZ                   
00000056  DCOCTL                        
00000128  FCTL1                         
0000012a  FCTL2                         
0000012c  FCTL3                         
0000c7b8  HAL_ADC_Init                  
0000c564  HAL_ADC_Read                  
0000c7fe  HAL_GPIO_InitClock            
0000c466  HAL_GPIO_InitPins             
0000c790  HAL_GPIO_RelaySet             
0000c6dc  HAL_UART_Init                 
0000c4a6  HAL_UART_SendPacket           
0000c0c0  HAL_UART_TickRxIdle           
00000000  IE1                           
00000001  IE2                           
00000002  IFG1                          
00000003  IFG2                          
0000c752  MODBUS_Init                   
0000c000  MODBUS_ProcessBuffer          
0000c5a0  MODBUS_UpdateTable            
0000028a  ModBus_Table                  
00000022  P1DIR                         
00000025  P1IE                          
00000024  P1IES                         
00000023  P1IFG                         
00000020  P1IN                          
00000021  P1OUT                         
00000027  P1REN                         
00000026  P1SEL                         
0000002a  P2DIR                         
0000002d  P2IE                          
0000002c  P2IES                         
0000002b  P2IFG                         
00000028  P2IN                          
00000029  P2OUT                         
0000002f  P2REN                         
0000002e  P2SEL                         
0000001a  P3DIR                         
00000018  P3IN                          
00000019  P3OUT                         
00000010  P3REN                         
0000001b  P3SEL                         
0000001e  P4DIR                         
0000001c  P4IN                          
0000001d  P4OUT                         
00000011  P4REN                         
0000001f  P4SEL                         
00000200  SCIB                          
00000172  TACCR0                        
00000174  TACCR1                        
00000176  TACCR2                        
00000162  TACCTL0                       
00000164  TACCTL1                       
00000166  TACCTL2                       
00000160  TACTL                         
0000012e  TAIV                          
00000170  TAR                           
00000192  TBCCR0                        
00000194  TBCCR1                        
00000196  TBCCR2                        
00000182  TBCCTL0                       
00000184  TBCCTL1                       
00000186  TBCCTL2                       
00000180  TBCTL                         
0000011e  TBIV                          
00000190  TBR                           
0000c526  Timer_A_ISR                   
0000005d  UCA0ABCTL                     
00000062  UCA0BR0                       
00000063  UCA0BR1                       
00000060  UCA0CTL0                      
00000061  UCA0CTL1                      
0000005f  UCA0IRRCTL                    
0000005e  UCA0IRTCTL                    
00000064  UCA0MCTL                      
00000066  UCA0RXBUF                     
00000065  UCA0STAT                      
00000067  UCA0TXBUF                     
0000006a  UCB0BR0                       
0000006b  UCB0BR1                       
00000068  UCB0CTL0                      
00000069  UCB0CTL1                      
0000006c  UCB0I2CIE                     
00000118  UCB0I2COA                     
0000011a  UCB0I2CSA                     
0000006e  UCB0RXBUF                     
0000006d  UCB0STAT                      
0000006f  UCB0TXBUF                     
0000c4e6  USCI0RX_ISR                   
0000c2ba  USCI0TX_ISR                   
00000120  WDTCTL                        
00000400  __STACK_END                   
00000050  __STACK_SIZE                  
0000c83e  __TI_CINIT_Base               
0000c846  __TI_CINIT_Limit              
0000c846  __TI_CINIT_Warm               
0000c834  __TI_Handler_Table_Base       
0000c83a  __TI_Handler_Table_Limit      
0000c818  __TI_ISR_TRAP                 
0000c424  __TI_auto_init_nobinit_nopinit
0000c23e  __TI_decompress_lzss          
0000c7ca  __TI_decompress_none          
0000ffe4  __TI_int02                    
0000ffe6  __TI_int03                    
0000ffea  __TI_int05                    
0000ffec  __TI_int06                    
0000ffee  __TI_int07                    
0000fff0  __TI_int08                    
0000fff2  __TI_int09                    
0000fff4  __TI_int10                    
0000fff8  __TI_int12                    
0000fffa  __TI_int13                    
0000fffc  __TI_int14                    
ffffffff  __TI_pprof_out_hndl           
ffffffff  __TI_prof_data_size           
ffffffff  __TI_prof_data_start          
0000c7a4  __TI_zero_init_nomemset       
ffffffff  __c_args__                    
0000c332  __mspabi_divul                
0000c144  __mspabi_fixfli               
0000c648  __mspabi_fltif                
0000c7fa  __mspabi_func_epilog_1        
0000c7f8  __mspabi_func_epilog_2        
0000c7f6  __mspabi_func_epilog_3        
0000c7f4  __mspabi_func_epilog_4        
0000c7f2  __mspabi_func_epilog_5        
0000c7f0  __mspabi_func_epilog_6        
0000c7ee  __mspabi_func_epilog_7        
0000c72c  __mspabi_mpyl                 
0000c72c  __mspabi_mpyl_sw              
0000c332  __mspabi_remul                
0000c6b0  __mspabi_slli                 
0000c6d8  __mspabi_slli_1               
0000c6c6  __mspabi_slli_10              
0000c6c4  __mspabi_slli_11              
0000c6c2  __mspabi_slli_12              
0000c6c0  __mspabi_slli_13              
0000c6be  __mspabi_slli_14              
0000c6bc  __mspabi_slli_15              
0000c6d6  __mspabi_slli_2               
0000c6d4  __mspabi_slli_3               
0000c6d2  __mspabi_slli_4               
0000c6d0  __mspabi_slli_5               
0000c6ce  __mspabi_slli_6               
0000c6cc  __mspabi_slli_7               
0000c6ca  __mspabi_slli_8               
0000c6c8  __mspabi_slli_9               
0000c3d8  __mspabi_srli                 
0000c41e  __mspabi_srli_1               
0000c3fa  __mspabi_srli_10              
0000c3f6  __mspabi_srli_11              
0000c3f2  __mspabi_srli_12              
0000c3ee  __mspabi_srli_13              
0000c3ea  __mspabi_srli_14              
0000c3e6  __mspabi_srli_15              
0000c41a  __mspabi_srli_2               
0000c416  __mspabi_srli_3               
0000c412  __mspabi_srli_4               
0000c40e  __mspabi_srli_5               
0000c40a  __mspabi_srli_6               
0000c406  __mspabi_srli_7               
0000c402  __mspabi_srli_8               
0000c3fe  __mspabi_srli_9               
0000c774  _c_int00_noargs               
0000fffe  _reset_vector                 
000003b0  _stack                        
0000c82a  _system_post_cinit            
0000c826  _system_pre_init              
0000c820  abort                         
0000c38a  main                          
0000c7dc  memcpy                        


GLOBAL SYMBOLS: SORTED BY Symbol Address 

address   name                          
-------   ----                          
00000000  IE1                           
00000001  IE2                           
00000002  IFG1                          
00000003  IFG2                          
00000010  P3REN                         
00000011  P4REN                         
00000018  P3IN                          
00000019  P3OUT                         
0000001a  P3DIR                         
0000001b  P3SEL                         
0000001c  P4IN                          
0000001d  P4OUT                         
0000001e  P4DIR                         
0000001f  P4SEL                         
00000020  P1IN                          
00000021  P1OUT                         
00000022  P1DIR                         
00000023  P1IFG                         
00000024  P1IES                         
00000025  P1IE                          
00000026  P1SEL                         
00000027  P1REN                         
00000028  P2IN                          
00000029  P2OUT                         
0000002a  P2DIR                         
0000002b  P2IFG                         
0000002c  P2IES                         
0000002d  P2IE                          
0000002e  P2SEL                         
0000002f  P2REN                         
00000048  ADC10DTC0                     
00000049  ADC10DTC1                     
0000004a  ADC10AE0                      
0000004b  ADC10AE1                      
00000050  __STACK_SIZE                  
00000053  BCSCTL3                       
00000056  DCOCTL                        
00000057  BCSCTL1                       
00000058  BCSCTL2                       
0000005d  UCA0ABCTL                     
0000005e  UCA0IRTCTL                    
0000005f  UCA0IRRCTL                    
00000060  UCA0CTL0                      
00000061  UCA0CTL1                      
00000062  UCA0BR0                       
00000063  UCA0BR1                       
00000064  UCA0MCTL                      
00000065  UCA0STAT                      
00000066  UCA0RXBUF                     
00000067  UCA0TXBUF                     
00000068  UCB0CTL0                      
00000069  UCB0CTL1                      
0000006a  UCB0BR0                       
0000006b  UCB0BR1                       
0000006c  UCB0I2CIE                     
0000006d  UCB0STAT                      
0000006e  UCB0RXBUF                     
0000006f  UCB0TXBUF                     
00000118  UCB0I2COA                     
0000011a  UCB0I2CSA                     
0000011e  TBIV                          
00000120  WDTCTL                        
00000128  FCTL1                         
0000012a  FCTL2                         
0000012c  FCTL3                         
0000012e  TAIV                          
00000160  TACTL                         
00000162  TACCTL0                       
00000164  TACCTL1                       
00000166  TACCTL2                       
00000170  TAR                           
00000172  TACCR0                        
00000174  TACCR1                        
00000176  TACCR2                        
00000180  TBCTL                         
00000182  TBCCTL0                       
00000184  TBCCTL1                       
00000186  TBCCTL2                       
00000190  TBR                           
00000192  TBCCR0                        
00000194  TBCCR1                        
00000196  TBCCR2                        
000001b0  ADC10CTL0                     
000001b2  ADC10CTL1                     
000001b4  ADC10MEM                      
000001bc  ADC10SA                       
00000200  SCIB                          
0000028a  ModBus_Table                  
000003b0  _stack                        
00000400  __STACK_END                   
000010f8  CALDCO_16MHZ                  
000010f9  CALBC1_16MHZ                  
000010fa  CALDCO_12MHZ                  
000010fb  CALBC1_12MHZ                  
000010fc  CALDCO_8MHZ                   
000010fd  CALBC1_8MHZ                   
000010fe  CALDCO_1MHZ                   
000010ff  CALBC1_1MHZ                   
0000c000  MODBUS_ProcessBuffer          
0000c0c0  HAL_UART_TickRxIdle           
0000c144  __mspabi_fixfli               
0000c23e  __TI_decompress_lzss          
0000c2ba  USCI0TX_ISR                   
0000c332  __mspabi_divul                
0000c332  __mspabi_remul                
0000c38a  main                          
0000c3d8  __mspabi_srli                 
0000c3e6  __mspabi_srli_15              
0000c3ea  __mspabi_srli_14              
0000c3ee  __mspabi_srli_13              
0000c3f2  __mspabi_srli_12              
0000c3f6  __mspabi_srli_11              
0000c3fa  __mspabi_srli_10              
0000c3fe  __mspabi_srli_9               
0000c402  __mspabi_srli_8               
0000c406  __mspabi_srli_7               
0000c40a  __mspabi_srli_6               
0000c40e  __mspabi_srli_5               
0000c412  __mspabi_srli_4               
0000c416  __mspabi_srli_3               
0000c41a  __mspabi_srli_2               
0000c41e  __mspabi_srli_1               
0000c424  __TI_auto_init_nobinit_nopinit
0000c466  HAL_GPIO_InitPins             
0000c4a6  HAL_UART_SendPacket           
0000c4e6  USCI0RX_ISR                   
0000c526  Timer_A_ISR                   
0000c564  HAL_ADC_Read                  
0000c5a0  MODBUS_UpdateTable            
0000c648  __mspabi_fltif                
0000c6b0  __mspabi_slli                 
0000c6bc  __mspabi_slli_15              
0000c6be  __mspabi_slli_14              
0000c6c0  __mspabi_slli_13              
0000c6c2  __mspabi_slli_12              
0000c6c4  __mspabi_slli_11              
0000c6c6  __mspabi_slli_10              
0000c6c8  __mspabi_slli_9               
0000c6ca  __mspabi_slli_8               
0000c6cc  __mspabi_slli_7               
0000c6ce  __mspabi_slli_6               
0000c6d0  __mspabi_slli_5               
0000c6d2  __mspabi_slli_4               
0000c6d4  __mspabi_slli_3               
0000c6d6  __mspabi_slli_2               
0000c6d8  __mspabi_slli_1               
0000c6dc  HAL_UART_Init                 
0000c72c  __mspabi_mpyl                 
0000c72c  __mspabi_mpyl_sw              
0000c752  MODBUS_Init                   
0000c774  _c_int00_noargs               
0000c790  HAL_GPIO_RelaySet             
0000c7a4  __TI_zero_init_nomemset       
0000c7b8  HAL_ADC_Init                  
0000c7ca  __TI_decompress_none          
0000c7dc  memcpy                        
0000c7ee  __mspabi_func_epilog_7        
0000c7f0  __mspabi_func_epilog_6        
0000c7f2  __mspabi_func_epilog_5        
0000c7f4  __mspabi_func_epilog_4        
0000c7f6  __mspabi_func_epilog_3        
0000c7f8  __mspabi_func_epilog_2        
0000c7fa  __mspabi_func_epilog_1        
0000c7fe  HAL_GPIO_InitClock            
0000c80c  ADC10_ISR                     
0000c818  __TI_ISR_TRAP                 
0000c820  C$$EXIT                       
0000c820  abort                         
0000c826  _system_pre_init              
0000c82a  _system_post_cinit            
0000c834  __TI_Handler_Table_Base       
0000c83a  __TI_Handler_Table_Limit      
0000c83e  __TI_CINIT_Base               
0000c846  __TI_CINIT_Limit              
0000c846  __TI_CINIT_Warm               
0000ffe4  __TI_int02                    
0000ffe6  __TI_int03                    
0000ffea  __TI_int05                    
0000ffec  __TI_int06                    
0000ffee  __TI_int07                    
0000fff0  __TI_int08                    
0000fff2  __TI_int09                    
0000fff4  __TI_int10                    
0000fff8  __TI_int12                    
0000fffa  __TI_int13                    
0000fffc  __TI_int14                    
0000fffe  _reset_vector                 
ffffffff  __TI_pprof_out_hndl           
ffffffff  __TI_prof_data_size           
ffffffff  __TI_prof_data_start          
ffffffff  __c_args__                    

[191 symbols]
