******************************************************************************
                  MSP430 Linker PC v21.6.1                     
******************************************************************************
>> Linked Thu Apr 30 13:23:44 2026

OUTPUT FILE NAME:   <CABPRLLA.out>
ENTRY POINT SYMBOL: "_c_int00_noargs"  address: 0000c442


MEMORY CONFIGURATION

         name            origin    length      used     unused   attr    fill
----------------------  --------  ---------  --------  --------  ----  --------
  SFR                   00000000   00000010  00000000  00000010  RWIX
  PERIPHERALS_8BIT      00000010   000000f0  00000000  000000f0  RWIX
  PERIPHERALS_16BIT     00000100   00000100  00000000  00000100  RWIX
  RAM                   00000200   00000200  000001c4  0000003c  RWIX
  INFOD                 00001000   00000040  00000000  00000040  RWIX
  INFOC                 00001040   00000040  00000000  00000040  RWIX
  INFOB                 00001080   00000040  00000000  00000040  RWIX
  INFOA                 000010c0   00000040  00000000  00000040  RWIX
  FLASH                 0000c000   00003fde  000004ee  00003af0  RWIX
  BSLSIGNATURE          0000ffde   00000002  00000002  00000000  RWIX  ffff 
  INT00                 0000ffe0   00000002  00000000  00000002  RWIX
  INT01                 0000ffe2   00000002  00000000  00000002  RWIX
  INT02                 0000ffe4   00000002  00000002  00000000  RWIX
  INT03                 0000ffe6   00000002  00000002  00000000  RWIX
  INT04                 0000ffe8   00000002  00000000  00000002  RWIX
  INT05                 0000ffea   00000002  00000002  00000000  RWIX
  INT06                 0000ffec   00000002  00000002  00000000  RWIX
  INT07                 0000ffee   00000002  00000002  00000000  RWIX
  INT08                 0000fff0   00000002  00000002  00000000  RWIX
  INT09                 0000fff2   00000002  00000002  00000000  RWIX
  INT10                 0000fff4   00000002  00000002  00000000  RWIX
  INT11                 0000fff6   00000002  00000000  00000002  RWIX
  INT12                 0000fff8   00000002  00000002  00000000  RWIX
  INT13                 0000fffa   00000002  00000002  00000000  RWIX
  INT14                 0000fffc   00000002  00000002  00000000  RWIX
  RESET                 0000fffe   00000002  00000002  00000000  RWIX


SECTION ALLOCATION MAP

 output                                  attributes/
section   page    origin      length       input sections
--------  ----  ----------  ----------   ----------------
.bss       0    00000200    00000174     UNINITIALIZED
                  00000200    000000ec     (.common:ModBus_Table)
                  000002ec    00000088     (.common:SCIB)

.stack     0    000003b0    00000050     UNINITIALIZED
                  000003b0    00000002     rts430_eabi.lib : boot.c.obj (.stack)
                  000003b2    0000004e     --HOLE--

.text      0    0000c000    000004e4     
                  0000c000    00000198     modbus.obj (.text:MODBUS_Process)
                  0000c198    0000004a     modbus.obj (.text:MODBUS_UpdateTable)
                  0000c1e2    00000042     rts430_eabi.lib : autoinit.c.obj (.text:__TI_auto_init_nobinit_nopinit:__TI_auto_init_nobinit_nopinit)
                  0000c224    00000040     msp430x22x4_1.obj (.text:main)
                  0000c264    0000003e     rts430_eabi.lib : lsl32.asm.obj (.text:l_lsl_const)
                  0000c2a2    0000003a     hal_uart.obj (.text:USCI0RX_ISR)
                  0000c2dc    00000036     hal_uart.obj (.text:USCI0TX_ISR)
                  0000c312    00000034     hal_uart.obj (.text:HAL_UART_SendPacket)
                  0000c346    00000032     hal_gpio.obj (.text:HAL_GPIO_InitPins)
                  0000c378    00000030     modbus.obj (.text:get_CRC16)
                  0000c3a8    0000002c     rts430_eabi.lib : lsl16.asm.obj (.text)
                  0000c3d4    0000002a     hal_uart.obj (.text:HAL_UART_Init)
                  0000c3fe    00000022     modbus.obj (.text:MODBUS_Init)
                  0000c420    00000022     hal_uart.obj (.text:Timer_A_ISR)
                  0000c442    0000001c     rts430_eabi.lib : boot.c.obj (.text:_c_int00_noargs)
                  0000c45e    00000014     hal_gpio.obj (.text:HAL_GPIO_RelaySet)
                  0000c472    00000014     rts430_eabi.lib : copy_zero_init.c.obj (.text:decompress:ZI:__TI_zero_init_nomemset:__TI_zero_init_nomemset)
                  0000c486    00000012     hal_adc.obj (.text:HAL_ADC_Init)
                  0000c498    00000012     hal_adc.obj (.text:HAL_ADC_Read)
                  0000c4aa    00000010     rts430_eabi.lib : epilog.asm.obj (.text)
                  0000c4ba    0000000e     hal_gpio.obj (.text:HAL_GPIO_InitClock)
                  0000c4c8    00000008     hal_adc.obj (.text:ADC10_ISR)
                  0000c4d0    00000008     rts430_eabi.lib : isr_trap.asm.obj (.text:_isr:__TI_ISR_TRAP)
                  0000c4d8    00000006                     : exit.c.obj (.text:abort)
                  0000c4de    00000004                     : pre_init.c.obj (.text:_system_pre_init)
                  0000c4e2    00000002                     : startup.c.obj (.text:_system_post_cinit)

.cinit     0    0000c4e4    0000000a     
                  0000c4e4    00000004     (.cinit..bss.load) [load image, compression = zero_init]
                  0000c4e8    00000002     (__TI_handler_table)
                  0000c4ea    00000004     (__TI_cinit_table)

.binit     0    0000c000    00000000     

.init_array 
*          0    0000c000    00000000     UNINITIALIZED

PORT1      0    0000ffe4    00000002     
                  0000ffe4    00000002     rts430_eabi.lib : int02.asm.obj (.int02)

PORT2      0    0000ffe6    00000002     
                  0000ffe6    00000002     rts430_eabi.lib : int03.asm.obj (.int03)

ADC10      0    0000ffea    00000002     
                  0000ffea    00000002     hal_adc.obj (.int05)

USCIAB0TX 
*          0    0000ffec    00000002     
                  0000ffec    00000002     hal_uart.obj (.int06)

USCIAB0RX 
*          0    0000ffee    00000002     
                  0000ffee    00000002     hal_uart.obj (.int07)

TIMERA1    0    0000fff0    00000002     
                  0000fff0    00000002     rts430_eabi.lib : int08.asm.obj (.int08)

TIMERA0    0    0000fff2    00000002     
                  0000fff2    00000002     hal_uart.obj (.int09)

WDT        0    0000fff4    00000002     
                  0000fff4    00000002     rts430_eabi.lib : int10.asm.obj (.int10)

TIMERB1    0    0000fff8    00000002     
                  0000fff8    00000002     rts430_eabi.lib : int12.asm.obj (.int12)

TIMERB0    0    0000fffa    00000002     
                  0000fffa    00000002     rts430_eabi.lib : int13.asm.obj (.int13)

NMI        0    0000fffc    00000002     
                  0000fffc    00000002     rts430_eabi.lib : int14.asm.obj (.int14)

.reset     0    0000fffe    00000002     
                  0000fffe    00000002     rts430_eabi.lib : boot.c.obj (.reset)

$fill000   0    0000ffde    00000002     
                  0000ffde    00000002     --HOLE-- [fill = ffff]

MODULE SUMMARY

       Module                 code   ro data   rw data
       ------                 ----   -------   -------
    .\
       msp430x22x4_1.obj      64     0         0      
    +--+----------------------+------+---------+---------+
       Total:                 64     0         0      
                                                      
    .\source\
       modbus.obj             564    0         236    
       hal_uart.obj           240    6         136    
       hal_gpio.obj           84     0         0      
       hal_adc.obj            44     2         0      
    +--+----------------------+------+---------+---------+
       Total:                 932    8         372    
                                                      
    D:\CCS\ccs\tools\compiler\ti-cgt-msp430_21.6.1.LTS\lib\rts430_eabi.lib
       autoinit.c.obj         66     0         0      
       lsl32.asm.obj          62     0         0      
       lsl16.asm.obj          44     0         0      
       boot.c.obj             28     2         0      
       copy_zero_init.c.obj   20     0         0      
       epilog.asm.obj         16     0         0      
       isr_trap.asm.obj       8      0         0      
       exit.c.obj             6      0         0      
       pre_init.c.obj         4      0         0      
       int02.asm.obj          0      2         0      
       int03.asm.obj          0      2         0      
       int08.asm.obj          0      2         0      
       int10.asm.obj          0      2         0      
       int12.asm.obj          0      2         0      
       int13.asm.obj          0      2         0      
       int14.asm.obj          0      2         0      
       startup.c.obj          2      0         0      
    +--+----------------------+------+---------+---------+
       Total:                 256    16        0      
                                                      
       Stack:                 0      0         80     
       Linker Generated:      0      10        0      
    +--+----------------------+------+---------+---------+
       Grand Total:           1252   34        452    


LINKER GENERATED COPY TABLES

__TI_cinit_table @ 0000c4ea records: 1, size/record: 4, table size: 4
	.bss: load addr=0000c4e4, load size=00000004 bytes, run addr=00000200, run size=00000174 bytes, compression=zero_init


LINKER GENERATED HANDLER TABLE

__TI_handler_table @ 0000c4e8 records: 1, size/record: 2, table size: 2
	index: 0, handler: __TI_zero_init


GLOBAL SYMBOLS: SORTED ALPHABETICALLY BY Name 

address   name                          
-------   ----                          
0000004a  ADC10AE0                      
0000004b  ADC10AE1                      
000001b0  ADC10CTL0                     
000001b2  ADC10CTL1                     
00000048  ADC10DTC0                     
00000049  ADC10DTC1                     
000001b4  ADC10MEM                      
000001bc  ADC10SA                       
0000c4c8  ADC10_ISR                     
00000057  BCSCTL1                       
00000058  BCSCTL2                       
00000053  BCSCTL3                       
0000c4d8  C$$EXIT                       
000010fb  CALBC1_12MHZ                  
000010f9  CALBC1_16MHZ                  
000010ff  CALBC1_1MHZ                   
000010fd  CALBC1_8MHZ                   
000010fa  CALDCO_12MHZ                  
000010f8  CALDCO_16MHZ                  
000010fe  CALDCO_1MHZ                   
000010fc  CALDCO_8MHZ                   
00000056  DCOCTL                        
00000128  FCTL1                         
0000012a  FCTL2                         
0000012c  FCTL3                         
0000c486  HAL_ADC_Init                  
0000c498  HAL_ADC_Read                  
0000c4ba  HAL_GPIO_InitClock            
0000c346  HAL_GPIO_InitPins             
0000c45e  HAL_GPIO_RelaySet             
0000c3d4  HAL_UART_Init                 
0000c312  HAL_UART_SendPacket           
00000000  IE1                           
00000001  IE2                           
00000002  IFG1                          
00000003  IFG2                          
0000c3fe  MODBUS_Init                   
0000c000  MODBUS_Process                
0000c198  MODBUS_UpdateTable            
00000200  ModBus_Table                  
00000022  P1DIR                         
00000025  P1IE                          
00000024  P1IES                         
00000023  P1IFG                         
00000020  P1IN                          
00000021  P1OUT                         
00000027  P1REN                         
00000026  P1SEL                         
0000002a  P2DIR                         
0000002d  P2IE                          
0000002c  P2IES                         
0000002b  P2IFG                         
00000028  P2IN                          
00000029  P2OUT                         
0000002f  P2REN                         
0000002e  P2SEL                         
0000001a  P3DIR                         
00000018  P3IN                          
00000019  P3OUT                         
00000010  P3REN                         
0000001b  P3SEL                         
0000001e  P4DIR                         
0000001c  P4IN                          
0000001d  P4OUT                         
00000011  P4REN                         
0000001f  P4SEL                         
000002ec  SCIB                          
00000172  TACCR0                        
00000174  TACCR1                        
00000176  TACCR2                        
00000162  TACCTL0                       
00000164  TACCTL1                       
00000166  TACCTL2                       
00000160  TACTL                         
0000012e  TAIV                          
00000170  TAR                           
00000192  TBCCR0                        
00000194  TBCCR1                        
00000196  TBCCR2                        
00000182  TBCCTL0                       
00000184  TBCCTL1                       
00000186  TBCCTL2                       
00000180  TBCTL                         
0000011e  TBIV                          
00000190  TBR                           
0000c420  Timer_A_ISR                   
0000005d  UCA0ABCTL                     
00000062  UCA0BR0                       
00000063  UCA0BR1                       
00000060  UCA0CTL0                      
00000061  UCA0CTL1                      
0000005f  UCA0IRRCTL                    
0000005e  UCA0IRTCTL                    
00000064  UCA0MCTL                      
00000066  UCA0RXBUF                     
00000065  UCA0STAT                      
00000067  UCA0TXBUF                     
0000006a  UCB0BR0                       
0000006b  UCB0BR1                       
00000068  UCB0CTL0                      
00000069  UCB0CTL1                      
0000006c  UCB0I2CIE                     
00000118  UCB0I2COA                     
0000011a  UCB0I2CSA                     
0000006e  UCB0RXBUF                     
0000006d  UCB0STAT                      
0000006f  UCB0TXBUF                     
0000c2a2  USCI0RX_ISR                   
0000c2dc  USCI0TX_ISR                   
00000120  WDTCTL                        
00000400  __STACK_END                   
00000050  __STACK_SIZE                  
0000c4ea  __TI_CINIT_Base               
0000c4ee  __TI_CINIT_Limit              
0000c4ee  __TI_CINIT_Warm               
0000c4e8  __TI_Handler_Table_Base       
0000c4ea  __TI_Handler_Table_Limit      
0000c4d0  __TI_ISR_TRAP                 
0000c1e2  __TI_auto_init_nobinit_nopinit
0000ffe4  __TI_int02                    
0000ffe6  __TI_int03                    
0000ffea  __TI_int05                    
0000ffec  __TI_int06                    
0000ffee  __TI_int07                    
0000fff0  __TI_int08                    
0000fff2  __TI_int09                    
0000fff4  __TI_int10                    
0000fff8  __TI_int12                    
0000fffa  __TI_int13                    
0000fffc  __TI_int14                    
ffffffff  __TI_pprof_out_hndl           
ffffffff  __TI_prof_data_size           
ffffffff  __TI_prof_data_start          
0000c472  __TI_zero_init_nomemset       
ffffffff  __c_args__                    
0000c4b6  __mspabi_func_epilog_1        
0000c4b4  __mspabi_func_epilog_2        
0000c4b2  __mspabi_func_epilog_3        
0000c4b0  __mspabi_func_epilog_4        
0000c4ae  __mspabi_func_epilog_5        
0000c4ac  __mspabi_func_epilog_6        
0000c4aa  __mspabi_func_epilog_7        
0000c3a8  __mspabi_slli                 
0000c3d0  __mspabi_slli_1               
0000c3be  __mspabi_slli_10              
0000c3bc  __mspabi_slli_11              
0000c3ba  __mspabi_slli_12              
0000c3b8  __mspabi_slli_13              
0000c3b6  __mspabi_slli_14              
0000c3b4  __mspabi_slli_15              
0000c3ce  __mspabi_slli_2               
0000c3cc  __mspabi_slli_3               
0000c3ca  __mspabi_slli_4               
0000c3c8  __mspabi_slli_5               
0000c3c6  __mspabi_slli_6               
0000c3c4  __mspabi_slli_7               
0000c3c2  __mspabi_slli_8               
0000c3c0  __mspabi_slli_9               
0000c29c  __mspabi_slll_1               
0000c278  __mspabi_slll_10              
0000c274  __mspabi_slll_11              
0000c270  __mspabi_slll_12              
0000c26c  __mspabi_slll_13              
0000c268  __mspabi_slll_14              
0000c264  __mspabi_slll_15              
0000c298  __mspabi_slll_2               
0000c294  __mspabi_slll_3               
0000c290  __mspabi_slll_4               
0000c28c  __mspabi_slll_5               
0000c288  __mspabi_slll_6               
0000c284  __mspabi_slll_7               
0000c280  __mspabi_slll_8               
0000c27c  __mspabi_slll_9               
0000c442  _c_int00_noargs               
0000fffe  _reset_vector                 
000003b0  _stack                        
0000c4e2  _system_post_cinit            
0000c4de  _system_pre_init              
0000c4d8  abort                         
0000c224  main                          


GLOBAL SYMBOLS: SORTED BY Symbol Address 

address   name                          
-------   ----                          
00000000  IE1                           
00000001  IE2                           
00000002  IFG1                          
00000003  IFG2                          
00000010  P3REN                         
00000011  P4REN                         
00000018  P3IN                          
00000019  P3OUT                         
0000001a  P3DIR                         
0000001b  P3SEL                         
0000001c  P4IN                          
0000001d  P4OUT                         
0000001e  P4DIR                         
0000001f  P4SEL                         
00000020  P1IN                          
00000021  P1OUT                         
00000022  P1DIR                         
00000023  P1IFG                         
00000024  P1IES                         
00000025  P1IE                          
00000026  P1SEL                         
00000027  P1REN                         
00000028  P2IN                          
00000029  P2OUT                         
0000002a  P2DIR                         
0000002b  P2IFG                         
0000002c  P2IES                         
0000002d  P2IE                          
0000002e  P2SEL                         
0000002f  P2REN                         
00000048  ADC10DTC0                     
00000049  ADC10DTC1                     
0000004a  ADC10AE0                      
0000004b  ADC10AE1                      
00000050  __STACK_SIZE                  
00000053  BCSCTL3                       
00000056  DCOCTL                        
00000057  BCSCTL1                       
00000058  BCSCTL2                       
0000005d  UCA0ABCTL                     
0000005e  UCA0IRTCTL                    
0000005f  UCA0IRRCTL                    
00000060  UCA0CTL0                      
00000061  UCA0CTL1                      
00000062  UCA0BR0                       
00000063  UCA0BR1                       
00000064  UCA0MCTL                      
00000065  UCA0STAT                      
00000066  UCA0RXBUF                     
00000067  UCA0TXBUF                     
00000068  UCB0CTL0                      
00000069  UCB0CTL1                      
0000006a  UCB0BR0                       
0000006b  UCB0BR1                       
0000006c  UCB0I2CIE                     
0000006d  UCB0STAT                      
0000006e  UCB0RXBUF                     
0000006f  UCB0TXBUF                     
00000118  UCB0I2COA                     
0000011a  UCB0I2CSA                     
0000011e  TBIV                          
00000120  WDTCTL                        
00000128  FCTL1                         
0000012a  FCTL2                         
0000012c  FCTL3                         
0000012e  TAIV                          
00000160  TACTL                         
00000162  TACCTL0                       
00000164  TACCTL1                       
00000166  TACCTL2                       
00000170  TAR                           
00000172  TACCR0                        
00000174  TACCR1                        
00000176  TACCR2                        
00000180  TBCTL                         
00000182  TBCCTL0                       
00000184  TBCCTL1                       
00000186  TBCCTL2                       
00000190  TBR                           
00000192  TBCCR0                        
00000194  TBCCR1                        
00000196  TBCCR2                        
000001b0  ADC10CTL0                     
000001b2  ADC10CTL1                     
000001b4  ADC10MEM                      
000001bc  ADC10SA                       
00000200  ModBus_Table                  
000002ec  SCIB                          
000003b0  _stack                        
00000400  __STACK_END                   
000010f8  CALDCO_16MHZ                  
000010f9  CALBC1_16MHZ                  
000010fa  CALDCO_12MHZ                  
000010fb  CALBC1_12MHZ                  
000010fc  CALDCO_8MHZ                   
000010fd  CALBC1_8MHZ                   
000010fe  CALDCO_1MHZ                   
000010ff  CALBC1_1MHZ                   
0000c000  MODBUS_Process                
0000c198  MODBUS_UpdateTable            
0000c1e2  __TI_auto_init_nobinit_nopinit
0000c224  main                          
0000c264  __mspabi_slll_15              
0000c268  __mspabi_slll_14              
0000c26c  __mspabi_slll_13              
0000c270  __mspabi_slll_12              
0000c274  __mspabi_slll_11              
0000c278  __mspabi_slll_10              
0000c27c  __mspabi_slll_9               
0000c280  __mspabi_slll_8               
0000c284  __mspabi_slll_7               
0000c288  __mspabi_slll_6               
0000c28c  __mspabi_slll_5               
0000c290  __mspabi_slll_4               
0000c294  __mspabi_slll_3               
0000c298  __mspabi_slll_2               
0000c29c  __mspabi_slll_1               
0000c2a2  USCI0RX_ISR                   
0000c2dc  USCI0TX_ISR                   
0000c312  HAL_UART_SendPacket           
0000c346  HAL_GPIO_InitPins             
0000c3a8  __mspabi_slli                 
0000c3b4  __mspabi_slli_15              
0000c3b6  __mspabi_slli_14              
0000c3b8  __mspabi_slli_13              
0000c3ba  __mspabi_slli_12              
0000c3bc  __mspabi_slli_11              
0000c3be  __mspabi_slli_10              
0000c3c0  __mspabi_slli_9               
0000c3c2  __mspabi_slli_8               
0000c3c4  __mspabi_slli_7               
0000c3c6  __mspabi_slli_6               
0000c3c8  __mspabi_slli_5               
0000c3ca  __mspabi_slli_4               
0000c3cc  __mspabi_slli_3               
0000c3ce  __mspabi_slli_2               
0000c3d0  __mspabi_slli_1               
0000c3d4  HAL_UART_Init                 
0000c3fe  MODBUS_Init                   
0000c420  Timer_A_ISR                   
0000c442  _c_int00_noargs               
0000c45e  HAL_GPIO_RelaySet             
0000c472  __TI_zero_init_nomemset       
0000c486  HAL_ADC_Init                  
0000c498  HAL_ADC_Read                  
0000c4aa  __mspabi_func_epilog_7        
0000c4ac  __mspabi_func_epilog_6        
0000c4ae  __mspabi_func_epilog_5        
0000c4b0  __mspabi_func_epilog_4        
0000c4b2  __mspabi_func_epilog_3        
0000c4b4  __mspabi_func_epilog_2        
0000c4b6  __mspabi_func_epilog_1        
0000c4ba  HAL_GPIO_InitClock            
0000c4c8  ADC10_ISR                     
0000c4d0  __TI_ISR_TRAP                 
0000c4d8  C$$EXIT                       
0000c4d8  abort                         
0000c4de  _system_pre_init              
0000c4e2  _system_post_cinit            
0000c4e8  __TI_Handler_Table_Base       
0000c4ea  __TI_CINIT_Base               
0000c4ea  __TI_Handler_Table_Limit      
0000c4ee  __TI_CINIT_Limit              
0000c4ee  __TI_CINIT_Warm               
0000ffe4  __TI_int02                    
0000ffe6  __TI_int03                    
0000ffea  __TI_int05                    
0000ffec  __TI_int06                    
0000ffee  __TI_int07                    
0000fff0  __TI_int08                    
0000fff2  __TI_int09                    
0000fff4  __TI_int10                    
0000fff8  __TI_int12                    
0000fffa  __TI_int13                    
0000fffc  __TI_int14                    
0000fffe  _reset_vector                 
ffffffff  __TI_pprof_out_hndl           
ffffffff  __TI_prof_data_size           
ffffffff  __TI_prof_data_start          
ffffffff  __c_args__                    

[180 symbols]
